// Jest Snapshot v1, https://goo.gl/fbAQLP

exports[`GamesCatalogScreen should renders correctly 1`] = `
Array [
  <Header
    text="translation fake PS4"
  />,
  <div
    className="GamesCatalogScreen__ContentWrapper-sc-1jbtgg3-0 hBPXKp"
  >
    <PlatformChoices
      choices={
        Array [
          "PS4",
          "X1",
          "PC",
          "Switch",
        ]
      }
      handleClick={[Function]}
      selectedPlatform="PS4"
    />
    <CatalogContainer
      games={Array []}
    />
  </div>,
]
`;
