// Jest Snapshot v1, https://goo.gl/fbAQLP

exports[`DetailContent should renders correctly 1`] = `
<article
  className="DetailContent__Article-z4i9bw-0 hvhKVl"
>
  <header
    className="DetailContent__Header-z4i9bw-1 ebDmfu"
  >
    <span
      className="DetailContent__Title-z4i9bw-2 isfRBj"
      data-test="detail-article-title"
    >
      Title
    </span>
    <span
      data-test="detail-article-subtitle"
    >
      Subtitle is an option
    </span>
  </header>
  <div
    className="DetailContent__Content-z4i9bw-3 bXyuRW"
  >
    content here
  </div>
</article>
`;
